******************************************************************************
             TMS320C2000 Linker PC v20.2.5                     
******************************************************************************
>> Linked Sun Jun 12 21:15:59 2022

OUTPUT FILE NAME:   <SCI_test.out>
ENTRY POINT SYMBOL: "_c_int00"  address: 00338c2b


MEMORY CONFIGURATION

         name            origin    length      used     unused   attr    fill
----------------------  --------  ---------  --------  --------  ----  --------
PAGE 0:
  RAML0123              00008000   00004000  00000000  00004000  RWIX
  FLASHH                00300000   00008000  00000000  00008000  RWIX
  FLASHG                00308000   00008000  00000000  00008000  RWIX
  FLASHF                00310000   00008000  00000000  00008000  RWIX
  FLASHE                00318000   00008000  00000000  00008000  RWIX
  FLASHD                00320000   00008000  00000000  00008000  RWIX
  FLASHC                00328000   00008000  00000000  00008000  RWIX
  FLASHA                00338000   00007f80  00000efa  00007086  RWIX
  CSM_RSVD              0033ff80   00000076  00000000  00000076  RWIX
  BEGIN                 0033fff6   00000002  00000002  00000000  RWIX
  CSM_PWL               0033fff8   00000008  00000000  00000008  RWIX
  ADC_CAL               00380080   00000009  00000007  00000002  RWIX
  OTP                   00380400   00000400  00000000  00000400  RWIX
  FPUTABLES             003febdc   000006a0  00000000  000006a0  RWIX
  ROM                   003ff27c   00000d44  00000000  00000d44  RWIX
  RESET                 003fffc0   00000002  00000000  00000002  RWIX
  VECTORS               003fffc2   0000003e  00000000  0000003e  RWIX

PAGE 1:
  BOOT_RSVD             00000002   0000004e  00000000  0000004e  RWIX
  RAMM0                 00000050   000003b0  00000000  000003b0  RWIX
  RAMM1                 00000400   00000400  00000400  00000000  RWIX
  DEV_EMU               00000880   00000180  000000d0  000000b0  RWIX
  FLASH_REGS            00000a80   00000060  00000008  00000058  RWIX
  CSM                   00000ae0   00000010  00000010  00000000  RWIX
  ADC_MIRROR            00000b00   00000010  00000010  00000000  RWIX
  XINTF                 00000b20   00000020  0000001e  00000002  RWIX
  CPU_TIMER0            00000c00   00000008  00000008  00000000  RWIX
  CPU_TIMER1            00000c08   00000008  00000008  00000000  RWIX
  CPU_TIMER2            00000c10   00000008  00000008  00000000  RWIX
  PIE_CTRL              00000ce0   00000020  0000001a  00000006  RWIX
  PIE_VECT              00000d00   00000100  00000100  00000000  RWIX
  DMA                   00001000   00000200  000000e0  00000120  RWIX
  MCBSPA                00005000   00000040  00000025  0000001b  RWIX
  MCBSPB                00005040   00000040  00000025  0000001b  RWIX
  ECANA                 00006000   00000040  00000034  0000000c  RWIX
  ECANA_LAM             00006040   00000040  00000040  00000000  RWIX
  ECANA_MOTS            00006080   00000040  00000040  00000000  RWIX
  ECANA_MOTO            000060c0   00000040  00000040  00000000  RWIX
  ECANA_MBOX            00006100   00000100  00000100  00000000  RWIX
  ECANB                 00006200   00000040  00000034  0000000c  RWIX
  ECANB_LAM             00006240   00000040  00000040  00000000  RWIX
  ECANB_MOTS            00006280   00000040  00000040  00000000  RWIX
  ECANB_MOTO            000062c0   00000040  00000040  00000000  RWIX
  ECANB_MBOX            00006300   00000100  00000100  00000000  RWIX
  EPWM1                 00006800   00000022  00000022  00000000  RWIX
  EPWM2                 00006840   00000022  00000022  00000000  RWIX
  EPWM3                 00006880   00000022  00000022  00000000  RWIX
  EPWM4                 000068c0   00000022  00000022  00000000  RWIX
  EPWM5                 00006900   00000022  00000022  00000000  RWIX
  EPWM6                 00006940   00000022  00000022  00000000  RWIX
  ECAP1                 00006a00   00000020  00000020  00000000  RWIX
  ECAP2                 00006a20   00000020  00000020  00000000  RWIX
  ECAP3                 00006a40   00000020  00000020  00000000  RWIX
  ECAP4                 00006a60   00000020  00000020  00000000  RWIX
  ECAP5                 00006a80   00000020  00000020  00000000  RWIX
  ECAP6                 00006aa0   00000020  00000020  00000000  RWIX
  EQEP1                 00006b00   00000040  00000040  00000000  RWIX
  EQEP2                 00006b40   00000040  00000040  00000000  RWIX
  GPIOCTRL              00006f80   00000040  0000002e  00000012  RWIX
  GPIODAT               00006fc0   00000020  00000020  00000000  RWIX
  GPIOINT               00006fe0   00000020  0000000a  00000016  RWIX
  SYSTEM                00007010   00000020  00000020  00000000  RWIX
  SPIA                  00007040   00000010  00000010  00000000  RWIX
  SCIA                  00007050   00000010  00000010  00000000  RWIX
  XINTRUPT              00007070   00000010  00000010  00000000  RWIX
  ADC                   00007100   00000020  0000001e  00000002  RWIX
  SCIB                  00007750   00000010  00000010  00000000  RWIX
  SCIC                  00007770   00000010  00000010  00000000  RWIX
  I2CA                  00007900   00000040  00000022  0000001e  RWIX
  RAML4                 0000c000   00001000  0000008a  00000f76  RWIX
  RAML5                 0000d000   00001000  00000000  00001000  RWIX
  RAML6                 0000e000   00001000  00000000  00001000  RWIX
  RAML7                 0000f000   00001000  00000000  00001000  RWIX
  FLASHB                00330000   00008000  00000000  00008000  RWIX
  CSM_PWL               0033fff8   00000008  00000008  00000000  RWIX
  PARTID                00380090   00000001  00000001  00000000  RWIX


SECTION ALLOCATION MAP

 output                                  attributes/
section   page    origin      length       input sections
--------  ----  ----------  ----------   ----------------
.cinit     0    00338ebc    0000003a     
                  00338ebc    00000020     main.obj (.cinit)
                  00338edc    0000000e     rts2800_fpu32.lib : exit.c.obj (.cinit)
                  00338eea    00000005                       : _lock.c.obj (.cinit:__lock)
                  00338eef    00000005                       : _lock.c.obj (.cinit:__unlock)
                  00338ef4    00000002     --HOLE-- [fill = 0]

.pinit     0    00338000    00000000     UNINITIALIZED

.text      0    00338000    00000dba     
                  00338000    000003ed     main.obj (.text)
                  003383ed    00000316     DSP2833x_DefaultIsr.obj (.text:retain)
                  00338703    000001b8     main.obj (.text:retain)
                  003388bb    000000f8     DSP2833x_SysCtrl.obj (.text)
                  003389b3    000000c8     DSP2833x_EPwm.obj (.text)
                  00338a7b    00000088     rts2800_fpu32.lib : fs_div28.asm.obj (.text)
                  00338b03    00000073     DSP2833x_CpuTimers.obj (.text)
                  00338b76    0000005c     DSP2833x_ECap.obj (.text)
                  00338bd2    00000059     rts2800_fpu32.lib : s_floorf.c.obj (.text)
                  00338c2b    00000056                       : boot28.asm.obj (.text)
                  00338c81    0000004a     DSP2833x_Sci.obj (.text)
                  00338ccb    00000029     rts2800_fpu32.lib : exit.c.obj (.text)
                  00338cf4    00000028     DSP2833x_PieCtrl.obj (.text)
                  00338d1c    00000024     rts2800_fpu32.lib : cpy_tbl.c.obj (.text)
                  00338d40    00000020     DSP2833x_PieVect.obj (.text)
                  00338d60    0000001d     rts2800_fpu32.lib : memcpy.c.obj (.text)
                  00338d7d    00000017     DSP2833x_Gpio.obj (.text)
                  00338d94    00000012     rts2800_fpu32.lib : args_main.c.obj (.text)
                  00338da6    00000009                       : _lock.c.obj (.text)
                  00338daf    00000008     DSP2833x_CodeStartBranch.obj (.text)
                  00338db7    00000002     rts2800_fpu32.lib : pre_init.c.obj (.text)
                  00338db9    00000001                       : startup.c.obj (.text)

ramfuncs   0    00338ef6    00000004     
                  00338ef6    00000004     DSP2833x_usDelay.obj (ramfuncs)

codestart 
*          0    0033fff6    00000002     
                  0033fff6    00000002     DSP2833x_CodeStartBranch.obj (codestart)

.stack     1    00000400    00000400     UNINITIALIZED
                  00000400    00000400     --HOLE--

.ebss      1    0000c000    0000008a     UNINITIALIZED
                  0000c000    00000054     main.obj (.ebss)
                  0000c054    00000018     DSP2833x_CpuTimers.obj (.ebss)
                  0000c06c    00000014     main.obj (.ebss:_pData)
                  0000c080    00000006     rts2800_fpu32.lib : exit.c.obj (.ebss)
                  0000c086    00000002                       : _lock.c.obj (.ebss:__lock)
                  0000c088    00000002                       : _lock.c.obj (.ebss:__unlock)

.econst    0    00338dba    00000102     
                  00338dba    00000100     DSP2833x_PieVect.obj (.econst:_PieVectTableInit)
                  00338eba    00000002     rts2800_fpu32.lib : s_floorf.c.obj (.econst)

.reset     0    003fffc0    00000002     DSECT
                  003fffc0    00000002     rts2800_fpu32.lib : boot28.asm.obj (.reset)

vectors    0    003fffc2    00000000     DSECT

.adc_cal   0    00380080    00000007     NOLOAD SECTION
                  00380080    00000007     DSP2833x_ADC_cal.obj (.adc_cal)

DevEmuRegsFile 
*          1    00000880    000000d0     UNINITIALIZED
                  00000880    000000d0     DSP2833x_GlobalVariableDefs.obj (DevEmuRegsFile)

FlashRegsFile 
*          1    00000a80    00000008     UNINITIALIZED
                  00000a80    00000008     DSP2833x_GlobalVariableDefs.obj (FlashRegsFile)

CsmRegsFile 
*          1    00000ae0    00000010     UNINITIALIZED
                  00000ae0    00000010     DSP2833x_GlobalVariableDefs.obj (CsmRegsFile)

AdcMirrorFile 
*          1    00000b00    00000010     UNINITIALIZED
                  00000b00    00000010     DSP2833x_GlobalVariableDefs.obj (AdcMirrorFile)

XintfRegsFile 
*          1    00000b20    0000001e     UNINITIALIZED
                  00000b20    0000001e     DSP2833x_GlobalVariableDefs.obj (XintfRegsFile)

CpuTimer0RegsFile 
*          1    00000c00    00000008     UNINITIALIZED
                  00000c00    00000008     DSP2833x_GlobalVariableDefs.obj (CpuTimer0RegsFile)

CpuTimer1RegsFile 
*          1    00000c08    00000008     UNINITIALIZED
                  00000c08    00000008     DSP2833x_GlobalVariableDefs.obj (CpuTimer1RegsFile)

CpuTimer2RegsFile 
*          1    00000c10    00000008     UNINITIALIZED
                  00000c10    00000008     DSP2833x_GlobalVariableDefs.obj (CpuTimer2RegsFile)

PieCtrlRegsFile 
*          1    00000ce0    0000001a     UNINITIALIZED
                  00000ce0    0000001a     DSP2833x_GlobalVariableDefs.obj (PieCtrlRegsFile)

PieVectTableFile 
*          1    00000d00    00000100     UNINITIALIZED
                  00000d00    00000100     DSP2833x_GlobalVariableDefs.obj (PieVectTableFile)

DmaRegsFile 
*          1    00001000    000000e0     UNINITIALIZED
                  00001000    000000e0     DSP2833x_GlobalVariableDefs.obj (DmaRegsFile)

McbspaRegsFile 
*          1    00005000    00000025     UNINITIALIZED
                  00005000    00000025     DSP2833x_GlobalVariableDefs.obj (McbspaRegsFile)

McbspbRegsFile 
*          1    00005040    00000025     UNINITIALIZED
                  00005040    00000025     DSP2833x_GlobalVariableDefs.obj (McbspbRegsFile)

ECanaRegsFile 
*          1    00006000    00000034     UNINITIALIZED
                  00006000    00000034     DSP2833x_GlobalVariableDefs.obj (ECanaRegsFile)

ECanaLAMRegsFile 
*          1    00006040    00000040     UNINITIALIZED
                  00006040    00000040     DSP2833x_GlobalVariableDefs.obj (ECanaLAMRegsFile)

ECanaMOTSRegsFile 
*          1    00006080    00000040     UNINITIALIZED
                  00006080    00000040     DSP2833x_GlobalVariableDefs.obj (ECanaMOTSRegsFile)

ECanaMOTORegsFile 
*          1    000060c0    00000040     UNINITIALIZED
                  000060c0    00000040     DSP2833x_GlobalVariableDefs.obj (ECanaMOTORegsFile)

ECanaMboxesFile 
*          1    00006100    00000100     UNINITIALIZED
                  00006100    00000100     DSP2833x_GlobalVariableDefs.obj (ECanaMboxesFile)

ECanbRegsFile 
*          1    00006200    00000034     UNINITIALIZED
                  00006200    00000034     DSP2833x_GlobalVariableDefs.obj (ECanbRegsFile)

ECanbLAMRegsFile 
*          1    00006240    00000040     UNINITIALIZED
                  00006240    00000040     DSP2833x_GlobalVariableDefs.obj (ECanbLAMRegsFile)

ECanbMOTSRegsFile 
*          1    00006280    00000040     UNINITIALIZED
                  00006280    00000040     DSP2833x_GlobalVariableDefs.obj (ECanbMOTSRegsFile)

ECanbMOTORegsFile 
*          1    000062c0    00000040     UNINITIALIZED
                  000062c0    00000040     DSP2833x_GlobalVariableDefs.obj (ECanbMOTORegsFile)

ECanbMboxesFile 
*          1    00006300    00000100     UNINITIALIZED
                  00006300    00000100     DSP2833x_GlobalVariableDefs.obj (ECanbMboxesFile)

EPwm1RegsFile 
*          1    00006800    00000022     UNINITIALIZED
                  00006800    00000022     DSP2833x_GlobalVariableDefs.obj (EPwm1RegsFile)

EPwm2RegsFile 
*          1    00006840    00000022     UNINITIALIZED
                  00006840    00000022     DSP2833x_GlobalVariableDefs.obj (EPwm2RegsFile)

EPwm3RegsFile 
*          1    00006880    00000022     UNINITIALIZED
                  00006880    00000022     DSP2833x_GlobalVariableDefs.obj (EPwm3RegsFile)

EPwm4RegsFile 
*          1    000068c0    00000022     UNINITIALIZED
                  000068c0    00000022     DSP2833x_GlobalVariableDefs.obj (EPwm4RegsFile)

EPwm5RegsFile 
*          1    00006900    00000022     UNINITIALIZED
                  00006900    00000022     DSP2833x_GlobalVariableDefs.obj (EPwm5RegsFile)

EPwm6RegsFile 
*          1    00006940    00000022     UNINITIALIZED
                  00006940    00000022     DSP2833x_GlobalVariableDefs.obj (EPwm6RegsFile)

ECap1RegsFile 
*          1    00006a00    00000020     UNINITIALIZED
                  00006a00    00000020     DSP2833x_GlobalVariableDefs.obj (ECap1RegsFile)

ECap2RegsFile 
*          1    00006a20    00000020     UNINITIALIZED
                  00006a20    00000020     DSP2833x_GlobalVariableDefs.obj (ECap2RegsFile)

ECap3RegsFile 
*          1    00006a40    00000020     UNINITIALIZED
                  00006a40    00000020     DSP2833x_GlobalVariableDefs.obj (ECap3RegsFile)

ECap4RegsFile 
*          1    00006a60    00000020     UNINITIALIZED
                  00006a60    00000020     DSP2833x_GlobalVariableDefs.obj (ECap4RegsFile)

ECap5RegsFile 
*          1    00006a80    00000020     UNINITIALIZED
                  00006a80    00000020     DSP2833x_GlobalVariableDefs.obj (ECap5RegsFile)

ECap6RegsFile 
*          1    00006aa0    00000020     UNINITIALIZED
                  00006aa0    00000020     DSP2833x_GlobalVariableDefs.obj (ECap6RegsFile)

EQep1RegsFile 
*          1    00006b00    00000040     UNINITIALIZED
                  00006b00    00000040     DSP2833x_GlobalVariableDefs.obj (EQep1RegsFile)

EQep2RegsFile 
*          1    00006b40    00000040     UNINITIALIZED
                  00006b40    00000040     DSP2833x_GlobalVariableDefs.obj (EQep2RegsFile)

GpioCtrlRegsFile 
*          1    00006f80    0000002e     UNINITIALIZED
                  00006f80    0000002e     DSP2833x_GlobalVariableDefs.obj (GpioCtrlRegsFile)

GpioDataRegsFile 
*          1    00006fc0    00000020     UNINITIALIZED
                  00006fc0    00000020     DSP2833x_GlobalVariableDefs.obj (GpioDataRegsFile)

GpioIntRegsFile 
*          1    00006fe0    0000000a     UNINITIALIZED
                  00006fe0    0000000a     DSP2833x_GlobalVariableDefs.obj (GpioIntRegsFile)

SysCtrlRegsFile 
*          1    00007010    00000020     UNINITIALIZED
                  00007010    00000020     DSP2833x_GlobalVariableDefs.obj (SysCtrlRegsFile)

SpiaRegsFile 
*          1    00007040    00000010     UNINITIALIZED
                  00007040    00000010     DSP2833x_GlobalVariableDefs.obj (SpiaRegsFile)

SciaRegsFile 
*          1    00007050    00000010     UNINITIALIZED
                  00007050    00000010     DSP2833x_GlobalVariableDefs.obj (SciaRegsFile)

XIntruptRegsFile 
*          1    00007070    00000010     UNINITIALIZED
                  00007070    00000010     DSP2833x_GlobalVariableDefs.obj (XIntruptRegsFile)

AdcRegsFile 
*          1    00007100    0000001e     UNINITIALIZED
                  00007100    0000001e     DSP2833x_GlobalVariableDefs.obj (AdcRegsFile)

ScibRegsFile 
*          1    00007750    00000010     UNINITIALIZED
                  00007750    00000010     DSP2833x_GlobalVariableDefs.obj (ScibRegsFile)

ScicRegsFile 
*          1    00007770    00000010     UNINITIALIZED
                  00007770    00000010     DSP2833x_GlobalVariableDefs.obj (ScicRegsFile)

I2caRegsFile 
*          1    00007900    00000022     UNINITIALIZED
                  00007900    00000022     DSP2833x_GlobalVariableDefs.obj (I2caRegsFile)

CsmPwlFile 
*          1    0033fff8    00000008     UNINITIALIZED
                  0033fff8    00000008     DSP2833x_GlobalVariableDefs.obj (CsmPwlFile)

PartIdRegsFile 
*          1    00380090    00000001     UNINITIALIZED
                  00380090    00000001     DSP2833x_GlobalVariableDefs.obj (PartIdRegsFile)

MODULE SUMMARY

       Module                            code   initialized data   uninitialized data
       ------                            ----   ----------------   ------------------
    .\
       DSP2833x_GlobalVariableDefs.obj   0      0                  2679              
       main.obj                          1445   32                 104               
       DSP2833x_DefaultIsr.obj           790    0                  0                 
       DSP2833x_PieVect.obj              32     256                0                 
       DSP2833x_SysCtrl.obj              248    0                  0                 
       DSP2833x_EPwm.obj                 200    0                  0                 
       DSP2833x_CpuTimers.obj            115    0                  24                
       DSP2833x_ECap.obj                 92     0                  0                 
       DSP2833x_Sci.obj                  74     0                  0                 
       DSP2833x_PieCtrl.obj              40     0                  0                 
       DSP2833x_Gpio.obj                 23     0                  0                 
       DSP2833x_CodeStartBranch.obj      10     0                  0                 
       DSP2833x_ADC_cal.obj              7      0                  0                 
       DSP2833x_usDelay.obj              4      0                  0                 
    +--+---------------------------------+------+------------------+--------------------+
       Total:                            3080   288                2807              
                                                                                     
    C:\ti\ccs1040\ccs\tools\compiler\ti-cgt-c2000_20.2.5.LTS\lib\rts2800_fpu32.lib
       fs_div28.asm.obj                  136    0                  0                 
       s_floorf.c.obj                    89     2                  0                 
       boot28.asm.obj                    86     0                  0                 
       exit.c.obj                        41     14                 6                 
       cpy_tbl.c.obj                     36     0                  0                 
       memcpy.c.obj                      29     0                  0                 
       _lock.c.obj                       9      10                 4                 
       args_main.c.obj                   18     0                  0                 
       pre_init.c.obj                    2      0                  0                 
       startup.c.obj                     1      0                  0                 
    +--+---------------------------------+------+------------------+--------------------+
       Total:                            447    26                 10                
                                                                                     
       Stack:                            0      0                  1024              
    +--+---------------------------------+------+------------------+--------------------+
       Grand Total:                      3527   314                3841              


GLOBAL DATA SYMBOLS: SORTED BY DATA PAGE

address     data page           name
--------    ----------------    ----
00000400      10 (00000400)     __stack

00000880      22 (00000880)     _DevEmuRegs

00000a80      2a (00000a80)     _FlashRegs

00000ae0      2b (00000ac0)     _CsmRegs

00000b00      2c (00000b00)     _AdcMirror
00000b20      2c (00000b00)     _XintfRegs

00000c00      30 (00000c00)     _CpuTimer0Regs
00000c08      30 (00000c00)     _CpuTimer1Regs
00000c10      30 (00000c00)     _CpuTimer2Regs

00000ce0      33 (00000cc0)     _PieCtrlRegs

00000d00      34 (00000d00)     _PieVectTable

00001000      40 (00001000)     _DmaRegs

00005000     140 (00005000)     _McbspaRegs

00005040     141 (00005040)     _McbspbRegs

00006000     180 (00006000)     _ECanaRegs

00006040     181 (00006040)     _ECanaLAMRegs

00006080     182 (00006080)     _ECanaMOTSRegs

000060c0     183 (000060c0)     _ECanaMOTORegs

00006100     184 (00006100)     _ECanaMboxes

00006200     188 (00006200)     _ECanbRegs

00006240     189 (00006240)     _ECanbLAMRegs

00006280     18a (00006280)     _ECanbMOTSRegs

000062c0     18b (000062c0)     _ECanbMOTORegs

00006300     18c (00006300)     _ECanbMboxes

00006800     1a0 (00006800)     _EPwm1Regs

00006840     1a1 (00006840)     _EPwm2Regs

00006880     1a2 (00006880)     _EPwm3Regs

000068c0     1a3 (000068c0)     _EPwm4Regs

00006900     1a4 (00006900)     _EPwm5Regs

00006940     1a5 (00006940)     _EPwm6Regs

00006a00     1a8 (00006a00)     _ECap1Regs
00006a20     1a8 (00006a00)     _ECap2Regs

00006a40     1a9 (00006a40)     _ECap3Regs
00006a60     1a9 (00006a40)     _ECap4Regs

00006a80     1aa (00006a80)     _ECap5Regs
00006aa0     1aa (00006a80)     _ECap6Regs

00006b00     1ac (00006b00)     _EQep1Regs

00006b40     1ad (00006b40)     _EQep2Regs

00006f80     1be (00006f80)     _GpioCtrlRegs

00006fc0     1bf (00006fc0)     _GpioDataRegs
00006fe0     1bf (00006fc0)     _GpioIntRegs

00007010     1c0 (00007000)     _SysCtrlRegs

00007040     1c1 (00007040)     _SpiaRegs
00007050     1c1 (00007040)     _SciaRegs
00007070     1c1 (00007040)     _XIntruptRegs

00007100     1c4 (00007100)     _AdcRegs

00007750     1dd (00007740)     _ScibRegs
00007770     1dd (00007740)     _ScicRegs

00007900     1e4 (00007900)     _I2caRegs

0000c000     300 (0000c000)     __x_distance
0000c001     300 (0000c000)     _xFlag
0000c002     300 (0000c000)     _a
0000c003     300 (0000c000)     _complete_Flag
0000c004     300 (0000c000)     __Index
0000c005     300 (0000c000)     _new_start_trigger
0000c006     300 (0000c000)     _LoopCount
0000c007     300 (0000c000)     _ErrorCount
0000c008     300 (0000c000)     _ReceivedChar
0000c009     300 (0000c000)     _mem_current_val
0000c00a     300 (0000c000)     _BackTicker
0000c00b     300 (0000c000)     _IsrTicker
0000c00c     300 (0000c000)     _cnt_val
0000c00d     300 (0000c000)     _fowardFlag
0000c00e     300 (0000c000)     _negativeFlag
0000c00f     300 (0000c000)     _debug_int
0000c010     300 (0000c000)     _now_PWMPRD
0000c011     300 (0000c000)     _SaveOnOffState
0000c012     300 (0000c000)     _LastPointFlag
0000c013     300 (0000c000)     _StartPointFlag
0000c014     300 (0000c000)     _SW1
0000c015     300 (0000c000)     _SW2
0000c016     300 (0000c000)     _Current_D
0000c017     300 (0000c000)     _target_x_distance
0000c018     300 (0000c000)     _SaveFlag
0000c01a     300 (0000c000)     _p_param
0000c01c     300 (0000c000)     _d_param
0000c01e     300 (0000c000)     _save_current
0000c020     300 (0000c000)     _target_val
0000c022     300 (0000c000)     _current_val
0000c024     300 (0000c000)     _mem_target_val
0000c026     300 (0000c000)     _pre_position
0000c028     300 (0000c000)     _result_test
0000c02a     300 (0000c000)     _next_readVal
0000c02c     300 (0000c000)     _CaptureCounter1
0000c02e     300 (0000c000)     _CaptureCounter2
0000c030     300 (0000c000)     _Falling_CNT
0000c032     300 (0000c000)     _debugString
0000c034     300 (0000c000)     _freq_change
0000c036     300 (0000c000)     _limit_distance
0000c038     300 (0000c000)     _memory_D

0000c046     301 (0000c040)     _pidStr
0000c054     301 (0000c040)     _CpuTimer0
0000c05c     301 (0000c040)     _CpuTimer1
0000c064     301 (0000c040)     _CpuTimer2
0000c06c     301 (0000c040)     _pData

0000c080     302 (0000c080)     ___TI_enable_exit_profile_output
0000c082     302 (0000c080)     ___TI_cleanup_ptr
0000c084     302 (0000c080)     ___TI_dtors_ptr
0000c086     302 (0000c080)     __lock
0000c088     302 (0000c080)     __unlock

00338dba    ce36 (00338d80)     _PieVectTableInit

0033fff8    cfff (0033ffc0)     _CsmPwl

00380090    e002 (00380080)     _PartIdRegs


GLOBAL SYMBOLS: SORTED ALPHABETICALLY BY Name 

page  address   name                            
----  -------   ----                            
0     00338000  .text                           
0     00338ccb  C$$EXIT                         
0     00338a7b  FS$$DIV                         
0     003384d3  _ADCINT_ISR                     
0     00380080  _ADC_cal                        
1     00000b00  _AdcMirror                      
1     00007100  _AdcRegs                        
1     0000c00a  _BackTicker                     
1     0000c02c  _CaptureCounter1                
1     0000c02e  _CaptureCounter2                
0     00338b3c  _ConfigCpuTimer                 
1     0000c054  _CpuTimer0                      
1     00000c00  _CpuTimer0Regs                  
1     0000c05c  _CpuTimer1                      
1     00000c08  _CpuTimer1Regs                  
1     0000c064  _CpuTimer2                      
1     00000c10  _CpuTimer2Regs                  
1     0033fff8  _CsmPwl                         
1     00000ae0  _CsmRegs                        
0     00338982  _CsmUnlock                      
1     0000c016  _Current_D                      
0     00338401  _DATALOG_ISR                    
0     003385f5  _DINTCH1_ISR                    
0     003385ff  _DINTCH2_ISR                    
0     00338609  _DINTCH3_ISR                    
0     00338613  _DINTCH4_ISR                    
0     0033861d  _DINTCH5_ISR                    
0     00338627  _DINTCH6_ISR                    
0     00338ef6  _DSP28x_usDelay                 
1     00000880  _DevEmuRegs                     
0     003388ce  _DisableDog                     
1     00001000  _DmaRegs                        
0     00338681  _ECAN0INTA_ISR                  
0     00338695  _ECAN0INTB_ISR                  
0     0033868b  _ECAN1INTA_ISR                  
0     0033869f  _ECAN1INTB_ISR                  
0     00338569  _ECAP1_INT_ISR                  
0     00338573  _ECAP2_INT_ISR                  
0     0033857d  _ECAP3_INT_ISR                  
0     00338587  _ECAP4_INT_ISR                  
0     00338591  _ECAP5_INT_ISR                  
0     0033859b  _ECAP6_INT_ISR                  
1     00006040  _ECanaLAMRegs                   
1     000060c0  _ECanaMOTORegs                  
1     00006080  _ECanaMOTSRegs                  
1     00006100  _ECanaMboxes                    
1     00006000  _ECanaRegs                      
1     00006240  _ECanbLAMRegs                   
1     000062c0  _ECanbMOTORegs                  
1     00006280  _ECanbMOTSRegs                  
1     00006300  _ECanbMboxes                    
1     00006200  _ECanbRegs                      
1     00006a00  _ECap1Regs                      
1     00006a20  _ECap2Regs                      
1     00006a40  _ECap3Regs                      
1     00006a60  _ECap4Regs                      
1     00006a80  _ECap5Regs                      
1     00006aa0  _ECap6Regs                      
0     00338415  _EMUINT_ISR                     
0     0033852d  _EPWM1_INT_ISR                  
0     003384f1  _EPWM1_TZINT_ISR                
0     00338537  _EPWM2_INT_ISR                  
0     003384fb  _EPWM2_TZINT_ISR                
0     00338541  _EPWM3_INT_ISR                  
0     00338505  _EPWM3_TZINT_ISR                
0     0033854b  _EPWM4_INT_ISR                  
0     0033850f  _EPWM4_TZINT_ISR                
0     00338555  _EPWM5_INT_ISR                  
0     00338519  _EPWM5_TZINT_ISR                
0     0033855f  _EPWM6_INT_ISR                  
0     00338523  _EPWM6_TZINT_ISR                
1     00006800  _EPwm1Regs                      
1     00006840  _EPwm2Regs                      
1     00006880  _EPwm3Regs                      
1     000068c0  _EPwm4Regs                      
1     00006900  _EPwm5Regs                      
1     00006940  _EPwm6Regs                      
0     003385a5  _EQEP1_INT_ISR                  
0     003385af  _EQEP2_INT_ISR                  
1     00006b00  _EQep1Regs                      
1     00006b40  _EQep2Regs                      
0     00338d13  _EnableInterrupts               
1     0000c007  _ErrorCount                     
1     0000c030  _Falling_CNT                    
1     00000a80  _FlashRegs                      
1     00006f80  _GpioCtrlRegs                   
1     00006fc0  _GpioDataRegs                   
1     00006fe0  _GpioIntRegs                    
0     00338631  _I2CINT1A_ISR                   
0     0033863b  _I2CINT2A_ISR                   
1     00007900  _I2caRegs                       
0     00338429  _ILLEGAL_ISR                    
0     003383ed  _INT13_ISR                      
0     003383f7  _INT14_ISR                      
0     00338b03  _InitCpuTimers                  
0     00338b76  _InitECap                       
0     00338b84  _InitECap1Gpio                  
0     00338b92  _InitECap2Gpio                  
0     00338b9e  _InitECap3Gpio                  
0     00338baa  _InitECap4Gpio                  
0     00338bb6  _InitECap5Gpio                  
0     00338bc4  _InitECap6Gpio                  
0     00338b77  _InitECapGpio                   
0     003389b3  _InitEPwm                       
0     003389c1  _InitEPwm1Gpio                  
0     003389d3  _InitEPwm2Gpio                  
0     003389e5  _InitEPwm3Gpio                  
0     003389f9  _InitEPwm4Gpio                  
0     00338a0d  _InitEPwm5Gpio                  
0     00338a1f  _InitEPwm6Gpio                  
0     003389b4  _InitEPwmGpio                   
0     00338a31  _InitEPwmSyncGpio               
0     00338d7d  _InitGpio                       
0     00338927  _InitPeripheralClocks           
0     00338cf4  _InitPieCtrl                    
0     00338d40  _InitPieVectTable               
0     003388d6  _InitPll                        
0     00338c81  _InitSci                        
0     00338c82  _InitSciGpio                    
0     00338c89  _InitSciaGpio                   
0     00338c9f  _InitScibGpio                   
0     00338cb5  _InitScicGpio                   
0     003388bb  _InitSysCtrl                    
0     00338a45  _InitTzGpio                     
1     0000c00b  _IsrTicker                      
0     003386e5  _LUF_ISR                        
0     003386db  _LVF_ISR                        
1     0000c012  _LastPointFlag                  
1     0000c006  _LoopCount                      
0     003385e1  _MRINTA_ISR                     
0     003385cd  _MRINTB_ISR                     
0     003385eb  _MXINTA_ISR                     
0     003385d7  _MXINTB_ISR                     
1     00005000  _McbspaRegs                     
1     00005040  _McbspbRegs                     
0     0033841f  _NMI_ISR                        
0     003382e1  _PID_Contorller                 
0     003386ef  _PIE_RESERVED                   
1     00380090  _PartIdRegs                     
1     00000ce0  _PieCtrlRegs                    
1     00000d00  _PieVectTable                   
0     00338dba  _PieVectTableInit               
0     0033840b  _RTOSINT_ISR                    
1     0000c008  _ReceivedChar                   
0     00338659  _SCIRXINTA_ISR                  
0     0033866d  _SCIRXINTB_ISR                  
0     00338645  _SCIRXINTC_ISR                  
0     00338663  _SCITXINTA_ISR                  
0     00338677  _SCITXINTB_ISR                  
0     0033864f  _SCITXINTC_ISR                  
0     003384ab  _SEQ1INT_ISR                    
0     003384b5  _SEQ2INT_ISR                    
0     003385b9  _SPIRXINTA_ISR                  
0     003385c3  _SPITXINTA_ISR                  
1     0000c014  _SW1                            
1     0000c015  _SW2                            
1     0000c018  _SaveFlag                       
1     0000c011  _SaveOnOffState                 
1     00007050  _SciaRegs                       
1     00007750  _ScibRegs                       
1     00007770  _ScicRegs                       
0     003388c4  _ServiceDog                     
1     00007040  _SpiaRegs                       
1     0000c013  _StartPointFlag                 
1     00007010  _SysCtrlRegs                    
0     003384dd  _TINT0_ISR                      
0     0033848d  _USER10_ISR                     
0     00338497  _USER11_ISR                     
0     003384a1  _USER12_ISR                     
0     00338433  _USER1_ISR                      
0     0033843d  _USER2_ISR                      
0     00338447  _USER3_ISR                      
0     00338451  _USER4_ISR                      
0     0033845b  _USER5_ISR                      
0     00338465  _USER6_ISR                      
0     0033846f  _USER7_ISR                      
0     00338479  _USER8_ISR                      
0     00338483  _USER9_ISR                      
0     003384e7  _WAKEINT_ISR                    
0     003384bf  _XINT1_ISR                      
0     003384c9  _XINT2_ISR                      
0     003386a9  _XINT3_ISR                      
0     003386b3  _XINT4_ISR                      
0     003386bd  _XINT5_ISR                      
0     003386c7  _XINT6_ISR                      
0     003386d1  _XINT7_ISR                      
1     00007070  _XIntruptRegs                   
0     00338891  _Xint1_isr                      
0     003388a6  _Xint2_isr                      
1     00000b20  _XintfRegs                      
1     0000c004  __Index                         
1     00000800  __STACK_END                     
abs   00000400  __STACK_SIZE                    
1     0000c082  ___TI_cleanup_ptr               
1     0000c084  ___TI_dtors_ptr                 
1     0000c080  ___TI_enable_exit_profile_output
abs   ffffffff  ___TI_pprof_out_hndl            
abs   ffffffff  ___TI_prof_data_size            
abs   ffffffff  ___TI_prof_data_start           
abs   ffffffff  ___binit__                      
abs   ffffffff  ___c_args__                     
0     00338ebc  ___cinit__                      
0     00338dba  ___etext__                      
abs   ffffffff  ___pinit__                      
0     00338000  ___text__                       
0     00338d94  __args_main                     
0     0033836c  __commandZone                   
1     0000c086  __lock                          
0     00338dae  __nop                           
0     00338daa  __register_lock                 
0     00338da6  __register_unlock               
1     00000400  __stack                         
0     00338db9  __system_post_cinit             
0     00338db7  __system_pre_init               
1     0000c088  __unlock                        
1     0000c000  __x_distance                    
1     0000c002  _a                              
0     00338ccb  _abort                          
0     00338c2b  _c_int00                        
1     0000c00c  _cnt_val                        
1     0000c003  _complete_Flag                  
0     003383d1  _constrain                      
0     00338d1c  _copy_in                        
0     00338797  _cpu_timer0_isr                 
1     0000c022  _current_val                    
1     0000c01c  _d_param                        
1     0000c032  _debugString                    
1     0000c00f  _debug_int                      
0     003382bd  _eCAP_Config                    
0     00338703  _eCapture6_ISR                  
0     0033828f  _ePWM_Config                    
0     00338285  _ePWM_Set                       
0     00338ccd  _exit                           
0     00338bd2  _floor                          
0     00338bd2  _floorf                         
1     0000c00d  _fowardFlag                     
1     0000c034  _freq_change                    
1     0000c036  _limit_distance                 
0     00338000  _main                           
0     003383a8  _mapping                        
1     0000c009  _mem_current_val                
1     0000c024  _mem_target_val                 
0     00338d60  _memcpy                         
1     0000c038  _memory_D                       
1     0000c00e  _negativeFlag                   
1     0000c005  _new_start_trigger              
1     0000c02a  _next_readVal                   
1     0000c010  _now_PWMPRD                     
1     0000c06c  _pData                          
1     0000c01a  _p_param                        
1     0000c046  _pidStr                         
1     0000c026  _pre_position                   
1     0000c028  _result_test                    
0     003386f9  _rsvd_ISR                       
1     0000c01e  _save_current                   
0     00338330  _scia_fifo_init                 
0     00338359  _scia_msg                       
0     00338730  _scia_rx_isr                    
0     0033834d  _scia_xmit                      
1     0000c020  _target_val                     
1     0000c017  _target_x_distance              
1     0000c001  _xFlag                          
abs   ffffffff  binit                           
0     00338ebc  cinit                           
0     0033fff6  code_start                      
0     00338dba  etext                           
abs   ffffffff  pinit                           


GLOBAL SYMBOLS: SORTED BY Symbol Address 

page  address   name                            
----  -------   ----                            
0     00338000  .text                           
0     00338000  ___text__                       
0     00338000  _main                           
0     00338285  _ePWM_Set                       
0     0033828f  _ePWM_Config                    
0     003382bd  _eCAP_Config                    
0     003382e1  _PID_Contorller                 
0     00338330  _scia_fifo_init                 
0     0033834d  _scia_xmit                      
0     00338359  _scia_msg                       
0     0033836c  __commandZone                   
0     003383a8  _mapping                        
0     003383d1  _constrain                      
0     003383ed  _INT13_ISR                      
0     003383f7  _INT14_ISR                      
0     00338401  _DATALOG_ISR                    
0     0033840b  _RTOSINT_ISR                    
0     00338415  _EMUINT_ISR                     
0     0033841f  _NMI_ISR                        
0     00338429  _ILLEGAL_ISR                    
0     00338433  _USER1_ISR                      
0     0033843d  _USER2_ISR                      
0     00338447  _USER3_ISR                      
0     00338451  _USER4_ISR                      
0     0033845b  _USER5_ISR                      
0     00338465  _USER6_ISR                      
0     0033846f  _USER7_ISR                      
0     00338479  _USER8_ISR                      
0     00338483  _USER9_ISR                      
0     0033848d  _USER10_ISR                     
0     00338497  _USER11_ISR                     
0     003384a1  _USER12_ISR                     
0     003384ab  _SEQ1INT_ISR                    
0     003384b5  _SEQ2INT_ISR                    
0     003384bf  _XINT1_ISR                      
0     003384c9  _XINT2_ISR                      
0     003384d3  _ADCINT_ISR                     
0     003384dd  _TINT0_ISR                      
0     003384e7  _WAKEINT_ISR                    
0     003384f1  _EPWM1_TZINT_ISR                
0     003384fb  _EPWM2_TZINT_ISR                
0     00338505  _EPWM3_TZINT_ISR                
0     0033850f  _EPWM4_TZINT_ISR                
0     00338519  _EPWM5_TZINT_ISR                
0     00338523  _EPWM6_TZINT_ISR                
0     0033852d  _EPWM1_INT_ISR                  
0     00338537  _EPWM2_INT_ISR                  
0     00338541  _EPWM3_INT_ISR                  
0     0033854b  _EPWM4_INT_ISR                  
0     00338555  _EPWM5_INT_ISR                  
0     0033855f  _EPWM6_INT_ISR                  
0     00338569  _ECAP1_INT_ISR                  
0     00338573  _ECAP2_INT_ISR                  
0     0033857d  _ECAP3_INT_ISR                  
0     00338587  _ECAP4_INT_ISR                  
0     00338591  _ECAP5_INT_ISR                  
0     0033859b  _ECAP6_INT_ISR                  
0     003385a5  _EQEP1_INT_ISR                  
0     003385af  _EQEP2_INT_ISR                  
0     003385b9  _SPIRXINTA_ISR                  
0     003385c3  _SPITXINTA_ISR                  
0     003385cd  _MRINTB_ISR                     
0     003385d7  _MXINTB_ISR                     
0     003385e1  _MRINTA_ISR                     
0     003385eb  _MXINTA_ISR                     
0     003385f5  _DINTCH1_ISR                    
0     003385ff  _DINTCH2_ISR                    
0     00338609  _DINTCH3_ISR                    
0     00338613  _DINTCH4_ISR                    
0     0033861d  _DINTCH5_ISR                    
0     00338627  _DINTCH6_ISR                    
0     00338631  _I2CINT1A_ISR                   
0     0033863b  _I2CINT2A_ISR                   
0     00338645  _SCIRXINTC_ISR                  
0     0033864f  _SCITXINTC_ISR                  
0     00338659  _SCIRXINTA_ISR                  
0     00338663  _SCITXINTA_ISR                  
0     0033866d  _SCIRXINTB_ISR                  
0     00338677  _SCITXINTB_ISR                  
0     00338681  _ECAN0INTA_ISR                  
0     0033868b  _ECAN1INTA_ISR                  
0     00338695  _ECAN0INTB_ISR                  
0     0033869f  _ECAN1INTB_ISR                  
0     003386a9  _XINT3_ISR                      
0     003386b3  _XINT4_ISR                      
0     003386bd  _XINT5_ISR                      
0     003386c7  _XINT6_ISR                      
0     003386d1  _XINT7_ISR                      
0     003386db  _LVF_ISR                        
0     003386e5  _LUF_ISR                        
0     003386ef  _PIE_RESERVED                   
0     003386f9  _rsvd_ISR                       
0     00338703  _eCapture6_ISR                  
0     00338730  _scia_rx_isr                    
0     00338797  _cpu_timer0_isr                 
0     00338891  _Xint1_isr                      
0     003388a6  _Xint2_isr                      
0     003388bb  _InitSysCtrl                    
0     003388c4  _ServiceDog                     
0     003388ce  _DisableDog                     
0     003388d6  _InitPll                        
0     00338927  _InitPeripheralClocks           
0     00338982  _CsmUnlock                      
0     003389b3  _InitEPwm                       
0     003389b4  _InitEPwmGpio                   
0     003389c1  _InitEPwm1Gpio                  
0     003389d3  _InitEPwm2Gpio                  
0     003389e5  _InitEPwm3Gpio                  
0     003389f9  _InitEPwm4Gpio                  
0     00338a0d  _InitEPwm5Gpio                  
0     00338a1f  _InitEPwm6Gpio                  
0     00338a31  _InitEPwmSyncGpio               
0     00338a45  _InitTzGpio                     
0     00338a7b  FS$$DIV                         
0     00338b03  _InitCpuTimers                  
0     00338b3c  _ConfigCpuTimer                 
0     00338b76  _InitECap                       
0     00338b77  _InitECapGpio                   
0     00338b84  _InitECap1Gpio                  
0     00338b92  _InitECap2Gpio                  
0     00338b9e  _InitECap3Gpio                  
0     00338baa  _InitECap4Gpio                  
0     00338bb6  _InitECap5Gpio                  
0     00338bc4  _InitECap6Gpio                  
0     00338bd2  _floor                          
0     00338bd2  _floorf                         
0     00338c2b  _c_int00                        
0     00338c81  _InitSci                        
0     00338c82  _InitSciGpio                    
0     00338c89  _InitSciaGpio                   
0     00338c9f  _InitScibGpio                   
0     00338cb5  _InitScicGpio                   
0     00338ccb  C$$EXIT                         
0     00338ccb  _abort                          
0     00338ccd  _exit                           
0     00338cf4  _InitPieCtrl                    
0     00338d13  _EnableInterrupts               
0     00338d1c  _copy_in                        
0     00338d40  _InitPieVectTable               
0     00338d60  _memcpy                         
0     00338d7d  _InitGpio                       
0     00338d94  __args_main                     
0     00338da6  __register_unlock               
0     00338daa  __register_lock                 
0     00338dae  __nop                           
0     00338db7  __system_pre_init               
0     00338db9  __system_post_cinit             
0     00338dba  _PieVectTableInit               
0     00338dba  ___etext__                      
0     00338dba  etext                           
0     00338ebc  ___cinit__                      
0     00338ebc  cinit                           
0     00338ef6  _DSP28x_usDelay                 
0     0033fff6  code_start                      
0     00380080  _ADC_cal                        
1     00000400  __stack                         
1     00000800  __STACK_END                     
1     00000880  _DevEmuRegs                     
1     00000a80  _FlashRegs                      
1     00000ae0  _CsmRegs                        
1     00000b00  _AdcMirror                      
1     00000b20  _XintfRegs                      
1     00000c00  _CpuTimer0Regs                  
1     00000c08  _CpuTimer1Regs                  
1     00000c10  _CpuTimer2Regs                  
1     00000ce0  _PieCtrlRegs                    
1     00000d00  _PieVectTable                   
1     00001000  _DmaRegs                        
1     00005000  _McbspaRegs                     
1     00005040  _McbspbRegs                     
1     00006000  _ECanaRegs                      
1     00006040  _ECanaLAMRegs                   
1     00006080  _ECanaMOTSRegs                  
1     000060c0  _ECanaMOTORegs                  
1     00006100  _ECanaMboxes                    
1     00006200  _ECanbRegs                      
1     00006240  _ECanbLAMRegs                   
1     00006280  _ECanbMOTSRegs                  
1     000062c0  _ECanbMOTORegs                  
1     00006300  _ECanbMboxes                    
1     00006800  _EPwm1Regs                      
1     00006840  _EPwm2Regs                      
1     00006880  _EPwm3Regs                      
1     000068c0  _EPwm4Regs                      
1     00006900  _EPwm5Regs                      
1     00006940  _EPwm6Regs                      
1     00006a00  _ECap1Regs                      
1     00006a20  _ECap2Regs                      
1     00006a40  _ECap3Regs                      
1     00006a60  _ECap4Regs                      
1     00006a80  _ECap5Regs                      
1     00006aa0  _ECap6Regs                      
1     00006b00  _EQep1Regs                      
1     00006b40  _EQep2Regs                      
1     00006f80  _GpioCtrlRegs                   
1     00006fc0  _GpioDataRegs                   
1     00006fe0  _GpioIntRegs                    
1     00007010  _SysCtrlRegs                    
1     00007040  _SpiaRegs                       
1     00007050  _SciaRegs                       
1     00007070  _XIntruptRegs                   
1     00007100  _AdcRegs                        
1     00007750  _ScibRegs                       
1     00007770  _ScicRegs                       
1     00007900  _I2caRegs                       
1     0000c000  __x_distance                    
1     0000c001  _xFlag                          
1     0000c002  _a                              
1     0000c003  _complete_Flag                  
1     0000c004  __Index                         
1     0000c005  _new_start_trigger              
1     0000c006  _LoopCount                      
1     0000c007  _ErrorCount                     
1     0000c008  _ReceivedChar                   
1     0000c009  _mem_current_val                
1     0000c00a  _BackTicker                     
1     0000c00b  _IsrTicker                      
1     0000c00c  _cnt_val                        
1     0000c00d  _fowardFlag                     
1     0000c00e  _negativeFlag                   
1     0000c00f  _debug_int                      
1     0000c010  _now_PWMPRD                     
1     0000c011  _SaveOnOffState                 
1     0000c012  _LastPointFlag                  
1     0000c013  _StartPointFlag                 
1     0000c014  _SW1                            
1     0000c015  _SW2                            
1     0000c016  _Current_D                      
1     0000c017  _target_x_distance              
1     0000c018  _SaveFlag                       
1     0000c01a  _p_param                        
1     0000c01c  _d_param                        
1     0000c01e  _save_current                   
1     0000c020  _target_val                     
1     0000c022  _current_val                    
1     0000c024  _mem_target_val                 
1     0000c026  _pre_position                   
1     0000c028  _result_test                    
1     0000c02a  _next_readVal                   
1     0000c02c  _CaptureCounter1                
1     0000c02e  _CaptureCounter2                
1     0000c030  _Falling_CNT                    
1     0000c032  _debugString                    
1     0000c034  _freq_change                    
1     0000c036  _limit_distance                 
1     0000c038  _memory_D                       
1     0000c046  _pidStr                         
1     0000c054  _CpuTimer0                      
1     0000c05c  _CpuTimer1                      
1     0000c064  _CpuTimer2                      
1     0000c06c  _pData                          
1     0000c080  ___TI_enable_exit_profile_output
1     0000c082  ___TI_cleanup_ptr               
1     0000c084  ___TI_dtors_ptr                 
1     0000c086  __lock                          
1     0000c088  __unlock                        
1     0033fff8  _CsmPwl                         
1     00380090  _PartIdRegs                     
abs   00000400  __STACK_SIZE                    
abs   ffffffff  ___TI_pprof_out_hndl            
abs   ffffffff  ___TI_prof_data_size            
abs   ffffffff  ___TI_prof_data_start           
abs   ffffffff  ___binit__                      
abs   ffffffff  ___c_args__                     
abs   ffffffff  ___pinit__                      
abs   ffffffff  binit                           
abs   ffffffff  pinit                           

[267 symbols]
