HAL.hpp:126:18:virtual void touchgfx::HAL::setDisplayOrientation(touchgfx::DisplayOrientation)	0	static
HAL.hpp:611:18:virtual bool touchgfx::HAL::sampleKey(uint8_t&)	0	static
HAL.hpp:801:30:virtual touchgfx::FlashDataReader* touchgfx::HAL::getFlashDataReader() const	0	static
HAL.hpp:950:18:virtual void touchgfx::HAL::taskDelay(uint16_t)	0	static
HAL.hpp:977:22:virtual uint16_t touchgfx::HAL::getTFTCurrentLine()	0	static
HAL.hpp:988:21:virtual touchgfx::DMAType touchgfx::HAL::getDMAType()	0	static
TouchGFXHAL.hpp:35:7:TouchGFXHAL::~TouchGFXHAL()	0	static
TouchGFXHAL.cpp:32:6:virtual void TouchGFXHAL::initialize()	16	static
HAL.hpp:658:18:virtual void touchgfx::HAL::setFrameBufferStartAddresses(void*, void*, void*)	8	static
TouchGFXHAL.cpp:52:6:virtual void TouchGFXHAL::taskEntry()	8	static
HAL.hpp:579:18:virtual void touchgfx::HAL::backPorchExited()	8	static
TouchGFXHAL.cpp:97:11:virtual uint16_t* TouchGFXHAL::getTFTFrameBuffer() const	0	static
TouchGFXHAL.cpp:112:6:virtual void TouchGFXHAL::setTFTFrameBuffer(uint16_t*)	0	static
TouchGFXHAL.cpp:129:6:virtual void TouchGFXHAL::flushFrameBuffer(const touchgfx::Rect&)	16	static,ignoring_inline_asm
TouchGFXHAL.cpp:151:6:virtual void TouchGFXHAL::configureInterrupts()	0	static
TouchGFXHAL.cpp:164:6:virtual void TouchGFXHAL::enableInterrupts()	0	static
TouchGFXHAL.cpp:177:6:virtual void TouchGFXHAL::disableInterrupts()	0	static
TouchGFXHAL.cpp:191:6:virtual void TouchGFXHAL::enableLCDControllerInterrupt()	0	static
TouchGFXHAL.hpp:110:18:virtual void TouchGFXHAL::flushFrameBuffer()	0	static
TouchGFXHAL.hpp:35:7:virtual TouchGFXHAL::~TouchGFXHAL()	8	static
HAL.hpp:285:28:virtual touchgfx::BlitOperations touchgfx::HAL::getBlitCaps()	0	static
HAL.hpp:1098:18:virtual void touchgfx::HAL::performDisplayOrientationChange()	12	static
TouchGFXHAL.cpp:203:19:long int IdleTaskHook(void*)	8	static
TouchGFXHAL.cpp:215:1:cpp)	0	static
