HAL.hpp:126:18:virtual void touchgfx::HAL::setDisplayOrientation(touchgfx::DisplayOrientation)	0	static
HAL.hpp:611:18:virtual bool touchgfx::HAL::sampleKey(uint8_t&)	0	static
HAL.hpp:801:30:virtual touchgfx::FlashDataReader* touchgfx::HAL::getFlashDataReader() const	0	static
HAL.hpp:950:18:virtual void touchgfx::HAL::taskDelay(uint16_t)	0	static
HAL.hpp:977:22:virtual uint16_t touchgfx::HAL::getTFTCurrentLine()	0	static
HAL.hpp:988:21:virtual touchgfx::DMAType touchgfx::HAL::getDMAType()	0	static
core_cm7.h:2427:22:void SCB_CleanInvalidateDCache()	16	static,ignoring_inline_asm
TouchGFXGeneratedHAL.cpp:41:6:virtual void TouchGFXGeneratedHAL::configureInterrupts()	0	static
TouchGFXGeneratedHAL.cpp:59:6:virtual void TouchGFXGeneratedHAL::enableLCDControllerInterrupt()	0	static
TouchGFXGeneratedHAL.cpp:80:11:virtual uint16_t* TouchGFXGeneratedHAL::getTFTFrameBuffer() const	0	static
TouchGFXGeneratedHAL.cpp:85:6:virtual void TouchGFXGeneratedHAL::setTFTFrameBuffer(uint16_t*)	0	static
TouchGFXGeneratedHAL.cpp:111:6:virtual void TouchGFXGeneratedHAL::InvalidateCache()	0	static
TouchGFXGeneratedHAL.hpp:28:7:TouchGFXGeneratedHAL::~TouchGFXGeneratedHAL()	0	static
TouchGFXGeneratedHAL.cpp:34:6:virtual void TouchGFXGeneratedHAL::initialize()	16	static
HAL.hpp:658:18:virtual void touchgfx::HAL::setFrameBufferStartAddresses(void*, void*, void*)	8	static
TouchGFXGeneratedHAL.cpp:70:6:virtual bool TouchGFXGeneratedHAL::beginFrame()	0	static
TouchGFXGeneratedHAL.cpp:75:6:virtual void TouchGFXGeneratedHAL::endFrame()	0	static
TouchGFXGeneratedHAL.cpp:93:6:virtual void TouchGFXGeneratedHAL::flushFrameBuffer(const touchgfx::Rect&)	8	static
TouchGFXGeneratedHAL.cpp:106:6:virtual bool TouchGFXGeneratedHAL::blockCopy(void*, const void*, uint32_t)	0	static
HAL.hpp:579:18:virtual void touchgfx::HAL::backPorchExited()	8	static
TouchGFXGeneratedHAL.hpp:104:18:virtual void TouchGFXGeneratedHAL::flushFrameBuffer()	0	static
TouchGFXGeneratedHAL.hpp:28:7:virtual TouchGFXGeneratedHAL::~TouchGFXGeneratedHAL()	8	static
HAL.hpp:285:28:virtual touchgfx::BlitOperations touchgfx::HAL::getBlitCaps()	0	static
HAL.hpp:1098:18:virtual void touchgfx::HAL::performDisplayOrientationChange()	12	static
TouchGFXGeneratedHAL.cpp:47:6:virtual void TouchGFXGeneratedHAL::enableInterrupts()	0	static
TouchGFXGeneratedHAL.cpp:53:6:virtual void TouchGFXGeneratedHAL::disableInterrupts()	0	static,ignoring_inline_asm
TouchGFXGeneratedHAL.cpp:137:10:void HAL_LTDC_LineEventCallback(LTDC_HandleTypeDef*)	8	static
