stm32f7xx_hal_msp.c:64:6:HAL_MspInit	8	static
stm32f7xx_hal_msp.c:88:6:HAL_CRC_MspInit	8	static
stm32f7xx_hal_msp.c:110:6:HAL_CRC_MspDeInit	0	static
stm32f7xx_hal_msp.c:132:6:HAL_DMA2D_MspInit	16	static
stm32f7xx_hal_msp.c:157:6:HAL_DMA2D_MspDeInit	0	static
stm32f7xx_hal_msp.c:182:6:HAL_LTDC_MspInit	64	static
stm32f7xx_hal_msp.c:283:6:HAL_LTDC_MspDeInit	8	static
stm32f7xx_hal_msp.c:352:6:HAL_UART_MspInit	64	static
stm32f7xx_hal_msp.c:423:6:HAL_UART_MspDeInit	8	static
stm32f7xx_hal_msp.c:576:6:HAL_SDRAM_MspInit	48	static
stm32f7xx_hal_msp.c:662:6:HAL_SDRAM_MspDeInit	8	static
